exports[`test snapshot matchs 1`] = `
<div
  className="App">
  <div
    className="ant-tabs ant-tabs-top ant-tabs-line"
    style={Object {}}>
    <div />
    <div
      className="ant-tabs-content ant-tabs-content-animated"
      style={
        Object {
          "marginLeft": "0%",
        }
      }>
      <div
        aria-hidden="false"
        className="ant-tabs-tabpane ant-tabs-tabpane-active"
        role="tabpanel"
        style={undefined}>
        Content of Tab Pane 1
      </div>
      <div
        aria-hidden="true"
        className="ant-tabs-tabpane ant-tabs-tabpane-inactive"
        role="tabpanel"
        style={undefined} />
      <div
        aria-hidden="true"
        className="ant-tabs-tabpane ant-tabs-tabpane-inactive"
        role="tabpanel"
        style={undefined} />
    </div>
  </div>
</div>
`;
